2026-05-28 12:18:01,132 VERBOSE | qhat.test                           | VERBOSE test
2026-05-28 12:18:01,132 WARNING | qhat.test                           | WARNING test
